Task created successfully : ID 1.
Task created successfully : ID 2.
Task created successfully : ID 3.
Task 1 is waiting (remaining_time = 1671).
Task 2 is waiting (remaining_time = 1671).
Task 3 is waiting (remaining_time = 1671).
Task 1 is waiting (remaining_time = 1671).
Task created successfully : ID 4.
Task created successfully : ID 5.
Task created successfully : ID 6.
Task created successfully : ID 7.
Task created successfully : ID 8.
Task created successfully : ID 9.
Task created successfully : ID 10.
Task created successfully : ID 11.
Task created successfully : ID 12.
Task created successfully : ID 13.
Task created successfully : ID 14.
Task created successfully : ID 15.
Task created successfully : ID 16.
Task created successfully : ID 17.
Task created successfully : ID 18.
Task created successfully : ID 19.
Task created successfully : ID 20.
Task created successfully : ID 21.
Task created successfully : ID 22.
Task created successfully : ID 23.
Task 5 is waiting (remaining_time = 4357).
Task created successfully : ID 24.
Task created successfully : ID 25.
Task created successfully : ID 26.
Task created successfully : ID 27.
Task created successfully : ID 28.
Task created successfully : ID 29.
Task created successfully : ID 30.
Task created successfully : ID 31.
Task created successfully : ID 32.
Task created successfully : ID 33.
Task created successfully : ID 34.
Task 31 is waiting (remaining_time = 3773).
Task 14 is waiting (remaining_time = 2983).
